[ntrzacatecas.com/2023/10/reconocen-a-51-docentes-por-su-destacada-practica-educativa/index.html]
[backblue.gif]
[fade.gif]
[index.html]
[ntrzacatecas.com/wp-content/uploads/2023/10/docentes.jpg]
[ntrzacatecas.com/wp-includes/css/dist/block-library/style.min1e39.css]
[ntrzacatecas.com/wp-content/plugins/contact-form-7/includes/css/styles6dcf.css]
[ntrzacatecas.com/wp-content/plugins/sphere-core/components/adblock-detect/css/modal694e.css]
[ntrzacatecas.com/wp-content/themes/smart-mag/stylee96f.css]
[ntrzacatecas.com/wp-content/themes/smart-mag/css/lightboxe96f.css]
[ntrzacatecas.com/wp-content/themes/smart-mag/css/icons/iconse96f.css]
[ntrzacatecas.com/wp-content/themes/smart-mag-child/style5152.css]
[ntrzacatecas.com/wp-includes/js/jquery/jquery-migrate.min5589.js]
[ntrzacatecas.com/wp-includes/js/jquery/jquery.minf43b.js]
[securepubads.g.doubleclick.net/tag/js/f.txt]
[ntrzacatecas.com/wp-content/uploads/2024/01/ntrzacatecas-cropped-NTR-favicon-32x32.png]
[ntrzacatecas.com/wp-content/uploads/2024/01/ntrzacatecas-cropped-NTR-favicon-192x192.png]
[ntrzacatecas.com/wp-content/uploads/2024/01/ntrzacatecas-cropped-NTR-favicon-180x180.png]
[ntrzacatecas.com/wp-content/uploads/2024/01/NTR-logo-dark.png]
[ntrzacatecas.com/wp-content/uploads/2024/01/NTR-logo.png]
[ntrzacatecas.com/wp-content/uploads/2024/02/ntrzacatecas-banner-elecciones24.jpg]
[ntrzacatecas.com/wp-content/uploads/2023/10/docentes-1200x630.jpg]
[ntrzacatecas.com/wp-content/uploads/2023/10/docentes-650x380.jpg]
[ntrzacatecas.com/wp-content/uploads/2024/02/ntrzacatecas-suscribete.jpg]
[www.statcounter.com/counter/counter_xhtml.js]
[ntrzacatecas.com/wp-content/themes/smart-mag/js/lazyloade96f.js]
[ntrzacatecas.com/wp-content/plugins/contact-form-7/includes/swv/js/index6dcf.js]
[ntrzacatecas.com/wp-content/plugins/contact-form-7/includes/js/index6dcf.js]
[ntrzacatecas.com/wp-content/themes/smart-mag-child/js/custom1e39.js]
[ntrzacatecas.com/wp-content/themes/smart-mag/js/jquery.mfp-lightboxe96f.js]
[ntrzacatecas.com/wp-content/themes/smart-mag/js/jquery.sticky-sidebare96f.js]
[ntrzacatecas.com/2023/10/reconocen-a-51-docentes-por-su-destacada-practica-educativa/index.html]
[ntrzacatecas.com/wp-includes/css/dist/block-library/style.min1e39.css]
[ntrzacatecas.com/wp-content/plugins/contact-form-7/includes/css/styles6dcf.css]
[ntrzacatecas.com/wp-content/plugins/sphere-core/components/adblock-detect/css/modal694e.css]
[ntrzacatecas.com/wp-content/themes/smart-mag/stylee96f.css]
[ntrzacatecas.com/wp-content/themes/smart-mag/css/lightboxe96f.css]
[ntrzacatecas.com/wp-content/themes/smart-mag/js/themee96f.js]
[ntrzacatecas.com/wp-content/themes/smart-mag/css/icons/fonts/ts-icons3bcc.woff2]
[ntrzacatecas.com/wp-content/themes/smart-mag/css/icons/iconse96f.css]
[ntrzacatecas.com/wp-content/themes/smart-mag/css/icons/fonts/ts-icons3bcc.woff]
[ntrzacatecas.com/wp-content/themes/smart-mag-child/el-mono-menu-item.jpg]
[ntrzacatecas.com/wp-content/themes/smart-mag-child/style5152.css]
